# 命令-进阶

## 1. `df` 指令

**说明**：

查看磁盘的空间。

**语法**：

`df -h` ： 以可读写较高的形式展示大小

```shell
➜  ~ df -h
Filesystem      Size  Used Avail Use% Mounted on
/dev/vda1        40G  3.3G   34G   9% /
devtmpfs        487M     0  487M   0% /dev
tmpfs           497M     0  497M   0% /dev/shm
tmpfs           497M  356K  496M   1% /run
tmpfs           497M     0  497M   0% /sys/fs/cgroup
tmpfs           100M     0  100M   0% /run/user/0
```

## 2. `free` 指令

**说明**：

查看内存使用情况

**语法**：

```shell
➜  ~ free -m
       总共   已用   剩余    共享      已分配     可用的
      total  used  free shared  buff/cache available
Mem:    992    74   494      0         422       748
Swap:     0     0     0
```

available = free + buff/cache

## 3. `head`

`head -n 文档路径` : 查看一个文档的前 n 行（n 默认为 10）

## 4. `tail`

* `tail -n 文档路径` : 查看一个文档的末尾 n 行（n 默认为 10）
* `tail -f 文档路径` : 查看一个文件的动态变化，一般用来查看系统日志。

```shell
# 查看系统最后创建的 3 个用户
➜  ~ tail -3 /etc/passwd
```

## 5. `less`

查看文件，以较少的内容进行输出，按下辅助功能键查看更多。

`less 文档路径`

* 空格键，一页一页翻
* 回车键，一行一行翻

## 6. `wc`

统计文件内容信息，包含行数、单词数、字节数等

`wc 文档路径`

* `-l` 行数（此选项用得比较多）
* `-w` 单词数
* `-c` 字节数

```shell
➜  nodejs-admin git:(master) ✗ wc README.md
  642  1129 12587 README.md
➜  nodejs-admin git:(master) ✗ wc -lwc README.md
  642  1129 12587 README.md

# 统计系统中一共有多少账户
➜  ~ wc -l /etc/passwd
```

退出时，只需要按下 `q` 键即可。

## 7. `date`

操作（读取、设置）日期和时间。查看[CST,CET,UTC,GMT,DST,Unix时间戳几种常见时间概述与关系](https://blog.csdn.net/kongjiea/article/details/44061117)

查看：[http://man.linuxde.net/date](http://man.linuxde.net/date)

显示操作当前时间

```shell
# 基本使用
➜  ~ date
Sun Oct  7 09:09:58 CST 2018

# 日期，%F     full date; same as %Y-%m-%d
➜  ~ date +%F
2018-10-07

➜  ~ date "+%Y-%m-%d"
2018-10-07

# 时间，%T     time; same as %H:%M:%S
➜  ~ date +%T
09:15:49

# 日期时间
➜  ~ date "+%F %T"
2018-10-07 09:18:37

➜  ~ date "+%Y年%m月%d日 %H时%M分%S秒"
2018年10月07日 09时19分31秒
```

获取之前或之后的时间

```shell
# 一天之前
➜  ~ date -d "-1 day" "+%F %T"
2018-10-06 09:30:28

# 一天之后
➜  ~ date -d "+1 day" "+%F %T"
2018-10-08 09:31:20

# 一月之后
➜  ~ date -d "+1 month" "+%F %T"
2018-11-07 09:32:44

# 一年之后
➜  ~ date -d "+1 year" "+%F %T"
2019-10-07 09:32:49
```

注意：

* 对于有空格的参数需要使用引号（单、双引号）包裹。
* `%F` 完整年月日
* `%T` 完整时分秒
* `%Y` 四位年份
* `%m` 两位月份（带前导 0）
* `%d` 两位日期（带前导 0）
* `%H` 两位小时（24小时制，带前导 0）
* `%M` 两位分钟（带前导 0）
* `%S` 两位秒数（带前导 0）

## 8. `cal`

操纵日历

```shell
# 输出当前月历，等价于 `cal -1`
➜  ~ cal
    October 2018
Su Mo Tu We Th Fr Sa
    1  2  3  4  5  6
 7  8  9 10 11 12 13
14 15 16 17 18 19 20
21 22 23 24 25 26 27
28 29 30 31

# 输出：前 1 月 + 当月 + 后 1 月
➜  ~ cal -3
   September 2018         October 2018          November 2018
Su Mo Tu We Th Fr Sa  Su Mo Tu We Th Fr Sa  Su Mo Tu We Th Fr Sa
                   1      1  2  3  4  5  6               1  2  3
 2  3  4  5  6  7  8   7  8  9 10 11 12 13   4  5  6  7  8  9 10
 9 10 11 12 13 14 15  14 15 16 17 18 19 20  11 12 13 14 15 16 17
16 17 18 19 20 21 22  21 22 23 24 25 26 27  18 19 20 21 22 23 24
23 24 25 26 27 28 29  28 29 30 31           25 26 27 28 29 30
30

# 输出某一个年份 12 月的日历
➜  ~ cal -y 2018

# 第一天从周一开始
➜  ~ cal -m
    October 2018
Mo Tu We Th Fr Sa Su
 1  2  3  4  5  6  7
 8  9 10 11 12 13 14
15 16 17 18 19 20 21
22 23 24 25 26 27 28
29 30 31
```

## 9. `clear` 和 `ctrl + L`

“清除”终端中已经存在的命令和结果，该命令只是往后翻了一页。

此命令与 Windows 中的 `cls` 命令不同，`cls` 是真的删除了，再也看不到了。

## 10. 管道 `|`

管道符 `|`。管道前面的输出就是管道后面指令的输入。

管道一般用于

* 过滤：`ls . | grep 'h'`
* 特殊： `cat 1.txt | less`
* 扩展处理： `ls . | wc -l`

管道不能单独操作，必须需要配合其他的指令来使用，主要是辅助作用。

```shell
➜  ~ ls
github  head  mytest  nohup.out

# 过滤出包含 'h' 的文件名
➜  ~ ls . | grep 'h'
github
head
nohup.out

# 实现 less 的等价效果
➜  ~ cat github/vue-admin/src/App.vue | less
➜  ~ less github/vue-admin/src/App.vue

# 统计当前目录下的文件个数
➜  ~ ls .
github  head  mytest  nohup.out
➜  ~ ls . | wc -l
4
```